== 回放 revise_fresh ==
会话树:
n1 [root]
  n2 [system] 你是 Aquarius，一个面向个人的极简 AI 助手。用与用户相同的语言简洁回… ← Head
> 你好
[stream] 你好呀
[committed] assistant done
会话树:
n1 [root]
  n2 [system] 你是 Aquarius，一个面向个人的极简 AI 助手。用与用户相同的语言简洁回…
    n3 [user] 你好
      n4 [assistant] 你好呀 ← Head
> /edit n4 更优雅的回复
已修订 n4 → n5（fresh，旧分支保留；Head → n5）
会话树:
n1 [root]
  n2 [system] 你是 Aquarius，一个面向个人的极简 AI 助手。用与用户相同的语言简洁回…
    n3 [user] 你好
      n4 [assistant] 你好呀
      n5 [assistant] 更优雅的回复 ← Head（修订自 n4）
> /branch n4
当前: n4 [assistant] 你好呀
同级分叉（1 条，不含自身）:
  n5 [assistant] 更优雅的回复 ← Head（修订自 n4）
下级: 无
会话树:
n1 [root]
  n2 [system] 你是 Aquarius，一个面向个人的极简 AI 助手。用与用户相同的语言简洁回…
    n3 [user] 你好
      n4 [assistant] 你好呀
      n5 [assistant] 更优雅的回复 ← Head（修订自 n4）
> 你看呢
[stream] 好的
[committed] assistant done
会话树:
n1 [root]
  n2 [system] 你是 Aquarius，一个面向个人的极简 AI 助手。用与用户相同的语言简洁回…
    n3 [user] 你好
      n4 [assistant] 你好呀
      n5 [assistant] 更优雅的回复（修订自 n4）
        n6 [user] 你看呢
          n7 [assistant] 好的 ← Head
> /goto n4
Head → n4
会话树:
n1 [root]
  n2 [system] 你是 Aquarius，一个面向个人的极简 AI 助手。用与用户相同的语言简洁回…
    n3 [user] 你好
      n4 [assistant] 你好呀 ← Head
      n5 [assistant] 更优雅的回复（修订自 n4）
        n6 [user] 你看呢
          n7 [assistant] 好的
> 旧分支也聊聊
[stream] 嗯嗯
[committed] assistant done
会话树:
n1 [root]
  n2 [system] 你是 Aquarius，一个面向个人的极简 AI 助手。用与用户相同的语言简洁回…
    n3 [user] 你好
      n4 [assistant] 你好呀
        n8 [user] 旧分支也聊聊
          n9 [assistant] 嗯嗯 ← Head
      n5 [assistant] 更优雅的回复（修订自 n4）
        n6 [user] 你看呢
          n7 [assistant] 好的
> /branch
当前: n9 [assistant] 嗯嗯 ← Head
同级分叉: 无
下级: 无
会话树:
n1 [root]
  n2 [system] 你是 Aquarius，一个面向个人的极简 AI 助手。用与用户相同的语言简洁回…
    n3 [user] 你好
      n4 [assistant] 你好呀
        n8 [user] 旧分支也聊聊
          n9 [assistant] 嗯嗯 ← Head
      n5 [assistant] 更优雅的回复（修订自 n4）
        n6 [user] 你看呢
          n7 [assistant] 好的
> /goto n1
Head → n1
会话树:
n1 [root] ← Head
  n2 [system] 你是 Aquarius，一个面向个人的极简 AI 助手。用与用户相同的语言简洁回…
    n3 [user] 你好
      n4 [assistant] 你好呀
        n8 [user] 旧分支也聊聊
          n9 [assistant] 嗯嗯
      n5 [assistant] 更优雅的回复（修订自 n4）
        n6 [user] 你看呢
          n7 [assistant] 好的
> /quit
